2026-03-05 17:50:22,681 - education_system.secondary_school.infrastructure.database.schema - INFO - Database schema initialised successfully.
2026-03-05 17:50:22,711 - education_system.secondary_school.infrastructure.database.schema - INFO - Default user created: admin (admin)
2026-03-05 17:50:22,712 - education_system.secondary_school.infrastructure.database.schema - INFO - Default user created: teacher (teacher)
2026-03-05 17:50:22,713 - education_system.secondary_school.infrastructure.database.schema - INFO - Default user created: student (student)
2026-03-05 17:50:32,129 - education_system.secondary_school.infrastructure.auth.core - INFO - User 'admin' logged in successfully.
2026-03-05 17:51:19,527 - education_system.secondary_school.modules.domain.students.services.student_service - INFO - Student created: SEC0001 (sean catchpole)
2026-03-05 17:51:19,571 - education_system.secondary_school.infrastructure.auth.core - INFO - User created: SEC0001 (student)
2026-03-05 17:51:36,974 - education_system.secondary_school.infrastructure.database.schema - INFO - Database schema initialised successfully.
2026-03-05 17:51:36,974 - education_system.secondary_school.infrastructure.database.schema - INFO - Database schema initialised successfully.
2026-03-05 17:51:48,947 - education_system.secondary_school.infrastructure.auth.core - INFO - User 'SEC0001' logged in successfully.
2026-03-05 17:51:48,947 - education_system.secondary_school.infrastructure.auth.core - INFO - User 'SEC0001' logged in successfully.
2026-03-05 17:55:33,521 - education_system.secondary_school.infrastructure.database.schema - INFO - Database schema initialised successfully.
2026-03-05 17:55:33,544 - education_system.secondary_school.infrastructure.database.schema - INFO - Default user created: admin (admin)
2026-03-05 17:55:33,545 - education_system.secondary_school.infrastructure.database.schema - INFO - Default user created: teacher (teacher)
2026-03-05 17:55:33,546 - education_system.secondary_school.infrastructure.database.schema - INFO - Default user created: student (student)
2026-03-05 17:55:33,573 - education_system.secondary_school.infrastructure.database.schema - INFO - Database schema initialised successfully.
2026-03-05 17:55:33,593 - education_system.secondary_school.modules.domain.subjects.services.subject_service - INFO - Subject created: MATH01 - Mathematics
2026-03-05 17:55:33,621 - education_system.secondary_school.modules.domain.subjects.services.subject_service - INFO - Subject created: ENG01 - English Language
2026-03-05 17:55:33,653 - education_system.secondary_school.modules.domain.subjects.services.subject_service - INFO - Subject created: ENG02 - English Literature
2026-03-05 17:55:33,705 - education_system.secondary_school.modules.domain.subjects.services.subject_service - INFO - Subject created: SCI01 - Science
2026-03-05 17:55:33,740 - education_system.secondary_school.modules.domain.subjects.services.subject_service - INFO - Subject created: PE01 - Physical Education
2026-03-05 17:55:33,779 - education_system.secondary_school.modules.domain.subjects.services.subject_service - INFO - Subject created: PSHE01 - PSHE & Citizenship
2026-03-05 17:55:33,818 - education_system.secondary_school.modules.domain.subjects.services.subject_service - INFO - Subject created: RE01 - Religious Education
2026-03-05 17:55:33,854 - education_system.secondary_school.modules.domain.subjects.services.subject_service - INFO - Subject created: ICT01 - ICT & Computing
2026-03-05 17:55:33,888 - education_system.secondary_school.modules.domain.subjects.services.subject_service - INFO - Subject created: MATH02 - GCSE Mathematics
2026-03-05 17:55:33,920 - education_system.secondary_school.modules.domain.subjects.services.subject_service - INFO - Subject created: ENG03 - GCSE English Language
2026-03-05 17:55:33,953 - education_system.secondary_school.modules.domain.subjects.services.subject_service - INFO - Subject created: ENG04 - GCSE English Literature
2026-03-05 17:55:33,985 - education_system.secondary_school.modules.domain.subjects.services.subject_service - INFO - Subject created: SCI02 - GCSE Combined Science
2026-03-05 17:55:34,016 - education_system.secondary_school.modules.domain.subjects.services.subject_service - INFO - Subject created: SCI03 - GCSE Biology
2026-03-05 17:55:34,045 - education_system.secondary_school.modules.domain.subjects.services.subject_service - INFO - Subject created: SCI04 - GCSE Chemistry
2026-03-05 17:55:34,087 - education_system.secondary_school.modules.domain.subjects.services.subject_service - INFO - Subject created: SCI05 - GCSE Physics
2026-03-05 17:55:34,125 - education_system.secondary_school.modules.domain.subjects.services.subject_service - INFO - Subject created: PE02 - GCSE Physical Education
2026-03-05 17:55:34,171 - education_system.secondary_school.modules.domain.subjects.services.subject_service - INFO - Subject created: HIS01 - History
2026-03-05 17:55:34,224 - education_system.secondary_school.modules.domain.subjects.services.subject_service - INFO - Subject created: GEO01 - Geography
2026-03-05 17:55:34,265 - education_system.secondary_school.modules.domain.subjects.services.subject_service - INFO - Subject created: FRE01 - French
2026-03-05 17:55:34,308 - education_system.secondary_school.modules.domain.subjects.services.subject_service - INFO - Subject created: SPA01 - Spanish
2026-03-05 17:55:34,346 - education_system.secondary_school.modules.domain.subjects.services.subject_service - INFO - Subject created: GER01 - German
2026-03-05 17:55:34,388 - education_system.secondary_school.modules.domain.subjects.services.subject_service - INFO - Subject created: ART01 - Art & Design
2026-03-05 17:55:34,432 - education_system.secondary_school.modules.domain.subjects.services.subject_service - INFO - Subject created: MUS01 - Music
2026-03-05 17:55:34,474 - education_system.secondary_school.modules.domain.subjects.services.subject_service - INFO - Subject created: DRA01 - Drama
2026-03-05 17:55:34,520 - education_system.secondary_school.modules.domain.subjects.services.subject_service - INFO - Subject created: DT01 - Design & Technology
2026-03-05 17:55:34,567 - education_system.secondary_school.modules.domain.subjects.services.subject_service - INFO - Subject created: FD01 - Food Technology
2026-03-05 17:55:34,614 - education_system.secondary_school.modules.domain.subjects.services.subject_service - INFO - Subject created: HIS02 - GCSE History
2026-03-05 17:55:34,656 - education_system.secondary_school.modules.domain.subjects.services.subject_service - INFO - Subject created: GEO02 - GCSE Geography
2026-03-05 17:55:34,704 - education_system.secondary_school.modules.domain.subjects.services.subject_service - INFO - Subject created: FRE02 - GCSE French
2026-03-05 17:55:34,758 - education_system.secondary_school.modules.domain.subjects.services.subject_service - INFO - Subject created: SPA02 - GCSE Spanish
2026-03-05 17:55:34,805 - education_system.secondary_school.modules.domain.subjects.services.subject_service - INFO - Subject created: GER02 - GCSE German
2026-03-05 17:55:34,854 - education_system.secondary_school.modules.domain.subjects.services.subject_service - INFO - Subject created: ART02 - GCSE Art & Design
2026-03-05 17:55:34,905 - education_system.secondary_school.modules.domain.subjects.services.subject_service - INFO - Subject created: MUS02 - GCSE Music
2026-03-05 17:55:34,959 - education_system.secondary_school.modules.domain.subjects.services.subject_service - INFO - Subject created: DRA02 - GCSE Drama
2026-03-05 17:55:35,001 - education_system.secondary_school.modules.domain.subjects.services.subject_service - INFO - Subject created: DT02 - GCSE Design & Technology
2026-03-05 17:55:35,049 - education_system.secondary_school.modules.domain.subjects.services.subject_service - INFO - Subject created: FD02 - GCSE Food Preparation & Nutrition
2026-03-05 17:55:35,096 - education_system.secondary_school.modules.domain.subjects.services.subject_service - INFO - Subject created: CS01 - GCSE Computer Science
2026-03-05 17:55:35,146 - education_system.secondary_school.modules.domain.subjects.services.subject_service - INFO - Subject created: BUS01 - GCSE Business Studies
2026-03-05 17:55:35,192 - education_system.secondary_school.modules.domain.subjects.services.subject_service - INFO - Subject created: ECO01 - GCSE Economics
2026-03-05 17:55:35,231 - education_system.secondary_school.modules.domain.subjects.services.subject_service - INFO - Subject created: SOC01 - GCSE Sociology
2026-03-05 17:55:35,279 - education_system.secondary_school.modules.domain.subjects.services.subject_service - INFO - Subject created: PSY01 - GCSE Psychology
2026-03-05 17:55:35,334 - education_system.secondary_school.modules.domain.subjects.services.subject_service - INFO - Subject created: RE02 - GCSE Religious Studies
2026-03-05 17:55:35,375 - education_system.secondary_school.modules.domain.subjects.services.subject_service - INFO - Subject created: PHO01 - GCSE Photography
2026-03-05 17:55:35,411 - education_system.secondary_school.modules.domain.subjects.services.subject_service - INFO - Subject created: TEX01 - GCSE Textiles
2026-03-05 17:55:35,450 - education_system.secondary_school.modules.domain.subjects.services.subject_service - INFO - Subject created: MED01 - GCSE Media Studies
2026-03-05 17:55:35,518 - education_system.secondary_school.modules.domain.subjects.services.subject_service - INFO - Subject created: HEA01 - BTEC Health & Social Care
2026-03-05 17:55:35,566 - education_system.secondary_school.modules.domain.subjects.services.subject_service - INFO - Subject created: SPO01 - BTEC Sport
2026-03-05 17:55:35,606 - education_system.secondary_school.modules.domain.subjects.services.subject_service - INFO - Subject created: ITA01 - GCSE Italian
2026-03-05 17:55:35,644 - education_system.secondary_school.modules.domain.subjects.services.subject_service - INFO - Subject created: AST01 - GCSE Astronomy
2026-03-05 17:55:35,683 - education_system.secondary_school.modules.domain.subjects.services.subject_service - INFO - Subject created: STA01 - GCSE Statistics
2026-03-05 17:55:58,547 - education_system.secondary_school.infrastructure.database.schema - INFO - Database schema initialised successfully.
2026-03-05 17:56:07,611 - education_system.secondary_school.infrastructure.auth.core - INFO - User 'admin' logged in successfully.
2026-03-05 18:01:10,106 - education_system.secondary_school.infrastructure.database.schema - INFO - Database schema initialised successfully.
2026-03-05 18:01:10,138 - education_system.secondary_school.infrastructure.database.schema - INFO - Default user created: admin (admin)
2026-03-05 18:01:10,139 - education_system.secondary_school.infrastructure.database.schema - INFO - Default user created: teacher (teacher)
2026-03-05 18:01:10,139 - education_system.secondary_school.infrastructure.database.schema - INFO - Default user created: student (student)
2026-03-05 18:01:10,164 - education_system.secondary_school.infrastructure.database.schema - INFO - Database schema initialised successfully.
2026-03-05 18:01:10,189 - education_system.secondary_school.modules.domain.subjects.services.subject_service - INFO - Subject created: MATH01 - Mathematics
2026-03-05 18:01:10,224 - education_system.secondary_school.modules.domain.subjects.services.subject_service - INFO - Subject created: ENG01 - English Language
2026-03-05 18:01:10,256 - education_system.secondary_school.modules.domain.subjects.services.subject_service - INFO - Subject created: ENG02 - English Literature
2026-03-05 18:01:10,296 - education_system.secondary_school.modules.domain.subjects.services.subject_service - INFO - Subject created: SCI01 - Science
2026-03-05 18:01:10,332 - education_system.secondary_school.modules.domain.subjects.services.subject_service - INFO - Subject created: PE01 - Physical Education
2026-03-05 18:01:10,366 - education_system.secondary_school.modules.domain.subjects.services.subject_service - INFO - Subject created: PSHE01 - PSHE & Citizenship
2026-03-05 18:01:10,399 - education_system.secondary_school.modules.domain.subjects.services.subject_service - INFO - Subject created: RE01 - Religious Education
2026-03-05 18:01:10,432 - education_system.secondary_school.modules.domain.subjects.services.subject_service - INFO - Subject created: ICT01 - ICT & Computing
2026-03-05 18:01:10,464 - education_system.secondary_school.modules.domain.subjects.services.subject_service - INFO - Subject created: MATH02 - GCSE Mathematics
2026-03-05 18:01:10,498 - education_system.secondary_school.modules.domain.subjects.services.subject_service - INFO - Subject created: ENG03 - GCSE English Language
2026-03-05 18:01:10,530 - education_system.secondary_school.modules.domain.subjects.services.subject_service - INFO - Subject created: ENG04 - GCSE English Literature
2026-03-05 18:01:10,563 - education_system.secondary_school.modules.domain.subjects.services.subject_service - INFO - Subject created: SCI02 - GCSE Combined Science
2026-03-05 18:01:10,597 - education_system.secondary_school.modules.domain.subjects.services.subject_service - INFO - Subject created: SCI03 - GCSE Biology
2026-03-05 18:01:10,636 - education_system.secondary_school.modules.domain.subjects.services.subject_service - INFO - Subject created: SCI04 - GCSE Chemistry
2026-03-05 18:01:10,684 - education_system.secondary_school.modules.domain.subjects.services.subject_service - INFO - Subject created: SCI05 - GCSE Physics
2026-03-05 18:01:10,719 - education_system.secondary_school.modules.domain.subjects.services.subject_service - INFO - Subject created: PE02 - GCSE Physical Education
2026-03-05 18:01:10,751 - education_system.secondary_school.modules.domain.subjects.services.subject_service - INFO - Subject created: HIS01 - History
2026-03-05 18:01:10,804 - education_system.secondary_school.modules.domain.subjects.services.subject_service - INFO - Subject created: GEO01 - Geography
2026-03-05 18:01:10,838 - education_system.secondary_school.modules.domain.subjects.services.subject_service - INFO - Subject created: FRE01 - French
2026-03-05 18:01:10,872 - education_system.secondary_school.modules.domain.subjects.services.subject_service - INFO - Subject created: SPA01 - Spanish
2026-03-05 18:01:10,913 - education_system.secondary_school.modules.domain.subjects.services.subject_service - INFO - Subject created: GER01 - German
2026-03-05 18:01:10,948 - education_system.secondary_school.modules.domain.subjects.services.subject_service - INFO - Subject created: ART01 - Art & Design
2026-03-05 18:01:10,999 - education_system.secondary_school.modules.domain.subjects.services.subject_service - INFO - Subject created: MUS01 - Music
2026-03-05 18:01:11,047 - education_system.secondary_school.modules.domain.subjects.services.subject_service - INFO - Subject created: DRA01 - Drama
2026-03-05 18:01:11,089 - education_system.secondary_school.modules.domain.subjects.services.subject_service - INFO - Subject created: DT01 - Design & Technology
2026-03-05 18:01:11,129 - education_system.secondary_school.modules.domain.subjects.services.subject_service - INFO - Subject created: FD01 - Food Technology
2026-03-05 18:01:11,182 - education_system.secondary_school.modules.domain.subjects.services.subject_service - INFO - Subject created: HIS02 - GCSE History
2026-03-05 18:01:11,222 - education_system.secondary_school.modules.domain.subjects.services.subject_service - INFO - Subject created: GEO02 - GCSE Geography
2026-03-05 18:01:11,261 - education_system.secondary_school.modules.domain.subjects.services.subject_service - INFO - Subject created: FRE02 - GCSE French
2026-03-05 18:01:11,302 - education_system.secondary_school.modules.domain.subjects.services.subject_service - INFO - Subject created: SPA02 - GCSE Spanish
2026-03-05 18:01:11,352 - education_system.secondary_school.modules.domain.subjects.services.subject_service - INFO - Subject created: GER02 - GCSE German
2026-03-05 18:01:11,400 - education_system.secondary_school.modules.domain.subjects.services.subject_service - INFO - Subject created: ART02 - GCSE Art & Design
2026-03-05 18:01:11,449 - education_system.secondary_school.modules.domain.subjects.services.subject_service - INFO - Subject created: MUS02 - GCSE Music
2026-03-05 18:01:11,495 - education_system.secondary_school.modules.domain.subjects.services.subject_service - INFO - Subject created: DRA02 - GCSE Drama
2026-03-05 18:01:11,544 - education_system.secondary_school.modules.domain.subjects.services.subject_service - INFO - Subject created: DT02 - GCSE Design & Technology
2026-03-05 18:01:11,583 - education_system.secondary_school.modules.domain.subjects.services.subject_service - INFO - Subject created: FD02 - GCSE Food Preparation & Nutrition
2026-03-05 18:01:11,657 - education_system.secondary_school.modules.domain.subjects.services.subject_service - INFO - Subject created: CS01 - GCSE Computer Science
2026-03-05 18:01:11,700 - education_system.secondary_school.modules.domain.subjects.services.subject_service - INFO - Subject created: BUS01 - GCSE Business Studies
2026-03-05 18:01:11,742 - education_system.secondary_school.modules.domain.subjects.services.subject_service - INFO - Subject created: ECO01 - GCSE Economics
2026-03-05 18:01:11,796 - education_system.secondary_school.modules.domain.subjects.services.subject_service - INFO - Subject created: SOC01 - GCSE Sociology
2026-03-05 18:01:11,834 - education_system.secondary_school.modules.domain.subjects.services.subject_service - INFO - Subject created: PSY01 - GCSE Psychology
2026-03-05 18:01:11,874 - education_system.secondary_school.modules.domain.subjects.services.subject_service - INFO - Subject created: RE02 - GCSE Religious Studies
2026-03-05 18:01:11,923 - education_system.secondary_school.modules.domain.subjects.services.subject_service - INFO - Subject created: PHO01 - GCSE Photography
2026-03-05 18:01:11,974 - education_system.secondary_school.modules.domain.subjects.services.subject_service - INFO - Subject created: TEX01 - GCSE Textiles
2026-03-05 18:01:12,019 - education_system.secondary_school.modules.domain.subjects.services.subject_service - INFO - Subject created: MED01 - GCSE Media Studies
2026-03-05 18:01:12,068 - education_system.secondary_school.modules.domain.subjects.services.subject_service - INFO - Subject created: HEA01 - BTEC Health & Social Care
2026-03-05 18:01:12,113 - education_system.secondary_school.modules.domain.subjects.services.subject_service - INFO - Subject created: SPO01 - BTEC Sport
2026-03-05 18:01:12,154 - education_system.secondary_school.modules.domain.subjects.services.subject_service - INFO - Subject created: ITA01 - GCSE Italian
2026-03-05 18:01:12,199 - education_system.secondary_school.modules.domain.subjects.services.subject_service - INFO - Subject created: AST01 - GCSE Astronomy
2026-03-05 18:01:12,244 - education_system.secondary_school.modules.domain.subjects.services.subject_service - INFO - Subject created: STA01 - GCSE Statistics
2026-03-05 18:01:12,301 - education_system.secondary_school.modules.domain.students.services.student_service - INFO - Student created: SEC0001 (Alice Johnson)
2026-03-05 18:01:12,733 - education_system.secondary_school.modules.domain.students.services.student_service - INFO - Student created: SEC0002 (Bob Williams)
2026-03-05 18:01:29,270 - education_system.secondary_school.infrastructure.database.schema - INFO - Database schema initialised successfully.
2026-03-05 18:01:44,609 - education_system.secondary_school.infrastructure.auth.core - INFO - User 'admin' logged in successfully.
2026-03-05 18:03:44,791 - education_system.secondary_school.infrastructure.database.schema - INFO - Database schema initialised successfully.
2026-03-05 18:03:52,036 - education_system.secondary_school.infrastructure.auth.core - INFO - User 'admin' logged in successfully.
2026-03-05 18:09:26,172 - education_system.secondary_school.infrastructure.database.schema - INFO - Database schema initialised successfully.
2026-03-05 18:09:39,653 - education_system.secondary_school.infrastructure.auth.core - INFO - User 'admin' logged in successfully.
2026-03-05 18:11:59,873 - education_system.secondary_school.infrastructure.database.schema - INFO - Database schema initialised successfully.
2026-03-05 18:12:10,165 - education_system.secondary_school.infrastructure.auth.core - INFO - User 'admin' logged in successfully.
2026-03-05 18:16:41,011 - education_system.secondary_school.infrastructure.database.schema - INFO - Database schema initialised successfully.
2026-03-05 18:16:49,165 - education_system.secondary_school.infrastructure.auth.core - INFO - User 'admin' logged in successfully.
2026-03-05 18:17:03,685 - education_system.secondary_school.modules.domain.email.services.email_service - INFO - Email 1 sent from user 1 to user 2
2026-03-05 18:17:14,962 - education_system.secondary_school.infrastructure.database.schema - INFO - Database schema initialised successfully.
2026-03-05 18:17:14,962 - education_system.secondary_school.infrastructure.database.schema - INFO - Database schema initialised successfully.
2026-03-05 18:17:43,533 - education_system.secondary_school.infrastructure.auth.core - INFO - User 'teacher' logged in successfully.
2026-03-05 18:17:43,533 - education_system.secondary_school.infrastructure.auth.core - INFO - User 'teacher' logged in successfully.
2026-03-05 18:20:01,556 - education_system.secondary_school.infrastructure.database.schema - INFO - Database schema initialised successfully.
2026-03-05 18:20:16,889 - education_system.secondary_school.infrastructure.auth.core - INFO - User 'teacher' logged in successfully.
2026-03-05 18:21:14,469 - education_system.secondary_school.infrastructure.database.schema - INFO - Database schema initialised successfully.
2026-03-05 18:21:14,469 - education_system.secondary_school.infrastructure.database.schema - INFO - Database schema initialised successfully.
2026-03-05 18:21:22,598 - education_system.secondary_school.infrastructure.auth.core - INFO - User 'admin' logged in successfully.
2026-03-05 18:21:22,598 - education_system.secondary_school.infrastructure.auth.core - INFO - User 'admin' logged in successfully.
2026-03-05 18:21:30,840 - education_system.secondary_school.modules.domain.timetable.services.timetable_service - INFO - Timetable cleared for Year 7 (Autumn)
2026-03-05 18:21:30,840 - education_system.secondary_school.modules.domain.timetable.services.timetable_service - INFO - Timetable cleared for Year 7 (Autumn)
2026-03-05 18:21:30,867 - education_system.secondary_school.modules.domain.timetable.services.timetable_service - INFO - Timetable generated for Year 7 (Autumn): 30 slots
2026-03-05 18:21:30,867 - education_system.secondary_school.modules.domain.timetable.services.timetable_service - INFO - Timetable generated for Year 7 (Autumn): 30 slots
2026-03-05 18:21:43,144 - education_system.secondary_school.modules.domain.timetable.services.timetable_service - INFO - Timetable cleared for Year 7 (Autumn)
2026-03-05 18:21:43,144 - education_system.secondary_school.modules.domain.timetable.services.timetable_service - INFO - Timetable cleared for Year 7 (Autumn)
2026-03-05 18:21:43,180 - education_system.secondary_school.modules.domain.timetable.services.timetable_service - INFO - Timetable generated for Year 7 (Autumn): 30 slots
2026-03-05 18:21:43,180 - education_system.secondary_school.modules.domain.timetable.services.timetable_service - INFO - Timetable generated for Year 7 (Autumn): 30 slots
2026-03-05 18:21:43,203 - education_system.secondary_school.modules.domain.timetable.services.timetable_service - INFO - Timetable cleared for Year 8 (Autumn)
2026-03-05 18:21:43,203 - education_system.secondary_school.modules.domain.timetable.services.timetable_service - INFO - Timetable cleared for Year 8 (Autumn)
2026-03-05 18:21:43,224 - education_system.secondary_school.modules.domain.timetable.services.timetable_service - INFO - Timetable generated for Year 8 (Autumn): 30 slots
2026-03-05 18:21:43,224 - education_system.secondary_school.modules.domain.timetable.services.timetable_service - INFO - Timetable generated for Year 8 (Autumn): 30 slots
2026-03-05 18:21:43,253 - education_system.secondary_school.modules.domain.timetable.services.timetable_service - INFO - Timetable cleared for Year 9 (Autumn)
2026-03-05 18:21:43,253 - education_system.secondary_school.modules.domain.timetable.services.timetable_service - INFO - Timetable cleared for Year 9 (Autumn)
2026-03-05 18:21:43,276 - education_system.secondary_school.modules.domain.timetable.services.timetable_service - INFO - Timetable generated for Year 9 (Autumn): 30 slots
2026-03-05 18:21:43,276 - education_system.secondary_school.modules.domain.timetable.services.timetable_service - INFO - Timetable generated for Year 9 (Autumn): 30 slots
2026-03-05 18:21:43,301 - education_system.secondary_school.modules.domain.timetable.services.timetable_service - INFO - Timetable cleared for Year 10 (Autumn)
2026-03-05 18:21:43,301 - education_system.secondary_school.modules.domain.timetable.services.timetable_service - INFO - Timetable cleared for Year 10 (Autumn)
2026-03-05 18:21:43,320 - education_system.secondary_school.modules.domain.timetable.services.timetable_service - INFO - Timetable generated for Year 10 (Autumn): 30 slots
2026-03-05 18:21:43,320 - education_system.secondary_school.modules.domain.timetable.services.timetable_service - INFO - Timetable generated for Year 10 (Autumn): 30 slots
2026-03-05 18:21:43,348 - education_system.secondary_school.modules.domain.timetable.services.timetable_service - INFO - Timetable cleared for Year 11 (Autumn)
2026-03-05 18:21:43,348 - education_system.secondary_school.modules.domain.timetable.services.timetable_service - INFO - Timetable cleared for Year 11 (Autumn)
2026-03-05 18:21:43,368 - education_system.secondary_school.modules.domain.timetable.services.timetable_service - INFO - Timetable generated for Year 11 (Autumn): 30 slots
2026-03-05 18:21:43,368 - education_system.secondary_school.modules.domain.timetable.services.timetable_service - INFO - Timetable generated for Year 11 (Autumn): 30 slots
2026-03-05 18:24:47,386 - education_system.secondary_school.infrastructure.database.schema - INFO - Database schema initialised successfully.
2026-03-05 18:24:47,386 - education_system.secondary_school.infrastructure.database.schema - INFO - Database schema initialised successfully.
2026-03-05 18:24:47,386 - education_system.secondary_school.infrastructure.database.schema - INFO - Database schema initialised successfully.
2026-03-05 18:29:09,570 - education_system.secondary_school.infrastructure.database.schema - INFO - Database schema initialised successfully.
2026-03-05 18:29:16,778 - education_system.secondary_school.infrastructure.auth.core - INFO - User 'admin' logged in successfully.
2026-03-05 18:37:01,813 - education_system.secondary_school.infrastructure.database.schema - INFO - Database schema initialised successfully.
2026-03-05 18:37:10,338 - education_system.secondary_school.infrastructure.auth.core - INFO - User 'admin' logged in successfully.
2026-03-05 18:37:33,582 - education_system.secondary_school.modules.domain.exams.services.exam_notifications - INFO - No enrolled students to notify for exam test
2026-03-05 18:52:19,932 - education_system.secondary_school.infrastructure.database.schema - INFO - Database schema initialised successfully.
2026-03-05 18:52:31,052 - education_system.secondary_school.infrastructure.auth.core - INFO - User 'admin' logged in successfully.
2026-03-05 21:26:03,347 - education_system.secondary_school.infrastructure.database.schema - INFO - Database schema initialised successfully.
2026-03-05 21:26:11,646 - education_system.secondary_school.infrastructure.auth.core - INFO - User 'admin' logged in successfully.
2026-03-05 21:27:26,594 - education_system.secondary_school.infrastructure.database.schema - INFO - Database schema initialised successfully.
2026-03-05 21:27:33,918 - education_system.secondary_school.infrastructure.auth.core - INFO - User 'admin' logged in successfully.
2026-03-05 21:42:20,884 - education_system.secondary_school.infrastructure.database.schema - INFO - Database schema initialised successfully.
2026-03-05 21:42:29,435 - education_system.secondary_school.infrastructure.auth.core - INFO - User 'admin' logged in successfully.
2026-03-05 22:10:07,099 - education_system.secondary_school.infrastructure.database.schema - INFO - Database schema initialised successfully.
2026-03-05 22:10:20,900 - education_system.secondary_school.infrastructure.auth.core - INFO - User 'admin' logged in successfully.
2026-03-05 22:18:18,740 - education_system.secondary_school.infrastructure.database.schema - INFO - Database schema initialised successfully.
2026-03-05 22:18:25,633 - education_system.secondary_school.infrastructure.auth.core - INFO - User 'admin' logged in successfully.
2026-03-06 08:26:35,260 - education_system.secondary_school.infrastructure.database.schema - INFO - Database schema initialised successfully.
2026-03-06 08:26:44,816 - education_system.secondary_school.infrastructure.auth.core - INFO - User 'admin' logged in successfully.
2026-03-06 13:58:50,484 - education_system.secondary_school.infrastructure.database.schema - INFO - Database schema initialised successfully.
2026-03-06 13:59:01,962 - education_system.secondary_school.infrastructure.auth.core - INFO - User 'admin' logged in successfully.
2026-03-06 13:59:01,978 - education_system.secondary_school.cli.cli_main - INFO - CLI login: user 'admin' (role=admin)
2026-03-06 14:06:03,031 - education_system.secondary_school.cli.cli_main - INFO - CLI session ended
2026-03-06 14:06:44,026 - education_system.secondary_school.infrastructure.database.schema - INFO - Database schema initialised successfully.
2026-03-06 14:06:51,354 - education_system.secondary_school.infrastructure.auth.core - INFO - User 'admin' logged in successfully.
2026-03-06 14:06:51,371 - education_system.secondary_school.cli.cli_main - INFO - CLI login: user 'admin' (role=admin)
2026-03-06 14:06:58,133 - education_system.secondary_school.cli.cli_main - INFO - CLI session ended
2026-03-06 15:44:04,309 - education_system.secondary_school.infrastructure.database.schema - INFO - Database schema initialised successfully.
2026-03-06 15:44:18,135 - education_system.secondary_school.infrastructure.auth.core - INFO - User 'admin' logged in successfully.
2026-03-08 19:48:58,620 - education_system.secondary_school.infrastructure.database.schema - INFO - Database schema initialised successfully.
2026-03-08 19:49:08,177 - education_system.secondary_school.infrastructure.auth.core - INFO - User 'admin' logged in successfully.
2026-03-09 13:10:16,488 - education_system.secondary_school.infrastructure.database.schema - INFO - Database schema initialised successfully.
2026-03-10 07:51:29,266 - education_system.secondary_school.infrastructure.database.schema - INFO - Database schema initialised successfully.
2026-03-10 07:51:29,690 - education_system.secondary_school.infrastructure.database.schema - INFO - Default user created: admin2 (admin)
2026-03-10 07:51:30,068 - education_system.secondary_school.infrastructure.database.schema - INFO - Default user created: staff2 (teacher)
2026-03-10 07:51:30,473 - education_system.secondary_school.infrastructure.database.schema - INFO - Default user created: student2 (student)
2026-03-10 08:07:24,938 - education_system.secondary_school.infrastructure.database.schema - INFO - Database schema initialised successfully.
2026-03-10 08:07:48,498 - education_system.secondary_school.infrastructure.database.schema - INFO - Database schema initialised successfully.
2026-03-10 08:07:48,498 - education_system.secondary_school.infrastructure.database.schema - INFO - Database schema initialised successfully.
